(node:20118) [MODULE_TYPELESS_PACKAGE_JSON] Warning: Module type of file:///Users/zenan/Sales%20Form/scripts/database-backup.ts is not specified and it doesn't parse as CommonJS.
Reparsing as ES module because module syntax was detected. This incurs a performance overhead.
To eliminate this warning, add "type": "module" to /Users/zenan/Sales Form/package.json.
(Use `node --trace-warnings ...` to show where the warning was created)
prisma:warn In production, we recommend using `prisma generate --no-engine` (See: `prisma generate --help`)
🔄 STARTING AUTOMATED DATABASE BACKUP
====================================
📅 Backup Date: 2026-01-24T02:00:02.460Z
📊 Fetching all database tables...
🔒 Performing customer data integrity validation before backup...
✅ Customer data integrity validation passed
✅ DATABASE BACKUP COMPLETE
==========================
📁 Backup file: database-backup-2026-01-24T02-00-02-462Z.json
📊 Total records: 9429
💾 File size: 5.42MB

📋 Table breakdown:
  - users: 12 records
  - sales: 1974 records
  - appliances: 7423 records
  - fieldConfigurations: 18 records
  - documentTemplates: 2 records
  - generatedDocuments: 0 records
  - smsLogs: 0 records
  - leads: 0 records
  - leadAppliances: 0 records
  - leadDispositionHistory: 0 records
  - leadToSaleLinks: 0 records
  - leadImportBatches: 0 records

🔒 Data Protection: All customer data backed up safely without modification
✅ Backup completed successfully: /Users/zenan/Sales Form/backups/database/database-backup-2026-01-24T02-00-02-462Z.json
(node:85402) [MODULE_TYPELESS_PACKAGE_JSON] Warning: Module type of file:///Users/zenan/Sales%20Form/scripts/database-backup.ts is not specified and it doesn't parse as CommonJS.
Reparsing as ES module because module syntax was detected. This incurs a performance overhead.
To eliminate this warning, add "type": "module" to /Users/zenan/Sales Form/package.json.
(Use `node --trace-warnings ...` to show where the warning was created)
prisma:warn In production, we recommend using `prisma generate --no-engine` (See: `prisma generate --help`)
🔄 STARTING AUTOMATED DATABASE BACKUP
====================================
📅 Backup Date: 2026-01-25T02:00:02.903Z
📊 Fetching all database tables...
❌ Backup failed: PrismaClientKnownRequestError: 
Invalid `prisma.generatedDocument.findMany()` invocation:


This request could not be understood by the server: {"type":"UnknownJsonError","body":{"code":"P6004","message":"The Query did not produce a result within the maximum allowed execution time of 10 seconds. This limit is configurable, see pris.ly/configure-limits for more information."}} (The request id was: 9c342cc42fc5d675)
    at $n.handleRequestError (/Users/zenan/Sales Form/node_modules/@prisma/client/runtime/library.js:121:7315)
    at $n.handleAndLogRequestError (/Users/zenan/Sales Form/node_modules/@prisma/client/runtime/library.js:121:6623)
    at $n.request (/Users/zenan/Sales Form/node_modules/@prisma/client/runtime/library.js:121:6307)
    at processTicksAndRejections (node:internal/process/task_queues:103:5)
    at async l (/Users/zenan/Sales Form/node_modules/@prisma/client/runtime/library.js:130:9633)
    at async Promise.all (index 5)
    at async createDatabaseBackup (file:///Users/zenan/Sales%20Form/scripts/database-backup.ts:122:9) {
  code: 'P5000',
  clientVersion: '5.22.0',
  meta: { modelName: 'GeneratedDocument' }
}
❌ Backup failed: PrismaClientKnownRequestError: 
Invalid `prisma.generatedDocument.findMany()` invocation:


This request could not be understood by the server: {"type":"UnknownJsonError","body":{"code":"P6004","message":"The Query did not produce a result within the maximum allowed execution time of 10 seconds. This limit is configurable, see pris.ly/configure-limits for more information."}} (The request id was: 9c342cc42fc5d675)
    at $n.handleRequestError (/Users/zenan/Sales Form/node_modules/@prisma/client/runtime/library.js:121:7315)
    at $n.handleAndLogRequestError (/Users/zenan/Sales Form/node_modules/@prisma/client/runtime/library.js:121:6623)
    at $n.request (/Users/zenan/Sales Form/node_modules/@prisma/client/runtime/library.js:121:6307)
    at processTicksAndRejections (node:internal/process/task_queues:103:5)
    at async l (/Users/zenan/Sales Form/node_modules/@prisma/client/runtime/library.js:130:9633)
    at async Promise.all (index 5)
    at async createDatabaseBackup (file:///Users/zenan/Sales%20Form/scripts/database-backup.ts:122:9) {
  code: 'P5000',
  clientVersion: '5.22.0',
  meta: { modelName: 'GeneratedDocument' }
}
(node:13399) [MODULE_TYPELESS_PACKAGE_JSON] Warning: Module type of file:///Users/zenan/Sales%20Form/scripts/database-backup.ts is not specified and it doesn't parse as CommonJS.
Reparsing as ES module because module syntax was detected. This incurs a performance overhead.
To eliminate this warning, add "type": "module" to /Users/zenan/Sales Form/package.json.
(Use `node --trace-warnings ...` to show where the warning was created)
prisma:warn In production, we recommend using `prisma generate --no-engine` (See: `prisma generate --help`)
🔄 STARTING AUTOMATED DATABASE BACKUP
====================================
📅 Backup Date: 2026-02-03T02:00:03.449Z
📊 Fetching all database tables...
❌ Backup failed: PrismaClientKnownRequestError: 
Invalid `prisma.generatedDocument.findMany()` invocation:


This request could not be understood by the server: {"type":"UnknownJsonError","body":{"code":"P6004","message":"The Query did not produce a result within the maximum allowed execution time of 10 seconds. This limit is configurable, see pris.ly/configure-limits for more information."}} (The request id was: 9c7e55294eb2befb)
    at $n.handleRequestError (/Users/zenan/Sales Form/node_modules/@prisma/client/runtime/library.js:121:7315)
    at $n.handleAndLogRequestError (/Users/zenan/Sales Form/node_modules/@prisma/client/runtime/library.js:121:6623)
    at $n.request (/Users/zenan/Sales Form/node_modules/@prisma/client/runtime/library.js:121:6307)
    at processTicksAndRejections (node:internal/process/task_queues:103:5)
    at async l (/Users/zenan/Sales Form/node_modules/@prisma/client/runtime/library.js:130:9633)
    at async Promise.all (index 5)
    at async createDatabaseBackup (file:///Users/zenan/Sales%20Form/scripts/database-backup.ts:133:9) {
  code: 'P5000',
  clientVersion: '5.22.0',
  meta: { modelName: 'GeneratedDocument' }
}
❌ Backup failed: PrismaClientKnownRequestError: 
Invalid `prisma.generatedDocument.findMany()` invocation:


This request could not be understood by the server: {"type":"UnknownJsonError","body":{"code":"P6004","message":"The Query did not produce a result within the maximum allowed execution time of 10 seconds. This limit is configurable, see pris.ly/configure-limits for more information."}} (The request id was: 9c7e55294eb2befb)
    at $n.handleRequestError (/Users/zenan/Sales Form/node_modules/@prisma/client/runtime/library.js:121:7315)
    at $n.handleAndLogRequestError (/Users/zenan/Sales Form/node_modules/@prisma/client/runtime/library.js:121:6623)
    at $n.request (/Users/zenan/Sales Form/node_modules/@prisma/client/runtime/library.js:121:6307)
    at processTicksAndRejections (node:internal/process/task_queues:103:5)
    at async l (/Users/zenan/Sales Form/node_modules/@prisma/client/runtime/library.js:130:9633)
    at async Promise.all (index 5)
    at async createDatabaseBackup (file:///Users/zenan/Sales%20Form/scripts/database-backup.ts:133:9) {
  code: 'P5000',
  clientVersion: '5.22.0',
  meta: { modelName: 'GeneratedDocument' }
}
(node:5423) [MODULE_TYPELESS_PACKAGE_JSON] Warning: Module type of file:///Users/zenan/Sales%20Form/scripts/database-backup.ts is not specified and it doesn't parse as CommonJS.
Reparsing as ES module because module syntax was detected. This incurs a performance overhead.
To eliminate this warning, add "type": "module" to /Users/zenan/Sales Form/package.json.
(Use `node --trace-warnings ...` to show where the warning was created)
prisma:warn In production, we recommend using `prisma generate --no-engine` (See: `prisma generate --help`)
🔄 STARTING AUTOMATED DATABASE BACKUP
====================================
📅 Backup Date: 2026-02-07T02:00:02.943Z
📊 Fetching all database tables...
❌ Backup failed: PrismaClientKnownRequestError: 
Invalid `prisma.generatedDocument.findMany()` invocation:


This request could not be understood by the server: {"type":"UnknownJsonError","body":{"code":"P6004","message":"The Query did not produce a result within the maximum allowed execution time of 10 seconds. This limit is configurable, see pris.ly/configure-limits for more information."}} (The request id was: 9c9f4aa83ec5af90)
    at $n.handleRequestError (/Users/zenan/Sales Form/node_modules/@prisma/client/runtime/library.js:121:7315)
    at $n.handleAndLogRequestError (/Users/zenan/Sales Form/node_modules/@prisma/client/runtime/library.js:121:6623)
    at $n.request (/Users/zenan/Sales Form/node_modules/@prisma/client/runtime/library.js:121:6307)
    at processTicksAndRejections (node:internal/process/task_queues:103:5)
    at async l (/Users/zenan/Sales Form/node_modules/@prisma/client/runtime/library.js:130:9633)
    at async Promise.all (index 5)
    at async createDatabaseBackup (file:///Users/zenan/Sales%20Form/scripts/database-backup.ts:133:9) {
  code: 'P5000',
  clientVersion: '5.22.0',
  meta: { modelName: 'GeneratedDocument' }
}
❌ Backup failed: PrismaClientKnownRequestError: 
Invalid `prisma.generatedDocument.findMany()` invocation:


This request could not be understood by the server: {"type":"UnknownJsonError","body":{"code":"P6004","message":"The Query did not produce a result within the maximum allowed execution time of 10 seconds. This limit is configurable, see pris.ly/configure-limits for more information."}} (The request id was: 9c9f4aa83ec5af90)
    at $n.handleRequestError (/Users/zenan/Sales Form/node_modules/@prisma/client/runtime/library.js:121:7315)
    at $n.handleAndLogRequestError (/Users/zenan/Sales Form/node_modules/@prisma/client/runtime/library.js:121:6623)
    at $n.request (/Users/zenan/Sales Form/node_modules/@prisma/client/runtime/library.js:121:6307)
    at processTicksAndRejections (node:internal/process/task_queues:103:5)
    at async l (/Users/zenan/Sales Form/node_modules/@prisma/client/runtime/library.js:130:9633)
    at async Promise.all (index 5)
    at async createDatabaseBackup (file:///Users/zenan/Sales%20Form/scripts/database-backup.ts:133:9) {
  code: 'P5000',
  clientVersion: '5.22.0',
  meta: { modelName: 'GeneratedDocument' }
}
(node:38869) [MODULE_TYPELESS_PACKAGE_JSON] Warning: Module type of file:///Users/zenan/Sales%20Form/scripts/database-backup.ts is not specified and it doesn't parse as CommonJS.
Reparsing as ES module because module syntax was detected. This incurs a performance overhead.
To eliminate this warning, add "type": "module" to /Users/zenan/Sales Form/package.json.
(Use `node --trace-warnings ...` to show where the warning was created)
prisma:warn In production, we recommend using `prisma generate --no-engine` (See: `prisma generate --help`)
🔄 STARTING AUTOMATED DATABASE BACKUP
====================================
📅 Backup Date: 2026-02-08T02:00:02.487Z
📊 Fetching all database tables...
❌ Backup failed: PrismaClientKnownRequestError: 
Invalid `prisma.generatedDocument.findMany()` invocation:


This request could not be understood by the server: {"type":"UnknownJsonError","body":{"code":"P6004","message":"The Query did not produce a result within the maximum allowed execution time of 10 seconds. This limit is configurable, see pris.ly/configure-limits for more information."}} (The request id was: 9ca788017b744866)
    at $n.handleRequestError (/Users/zenan/Sales Form/node_modules/@prisma/client/runtime/library.js:121:7315)
    at $n.handleAndLogRequestError (/Users/zenan/Sales Form/node_modules/@prisma/client/runtime/library.js:121:6623)
    at $n.request (/Users/zenan/Sales Form/node_modules/@prisma/client/runtime/library.js:121:6307)
    at processTicksAndRejections (node:internal/process/task_queues:103:5)
    at async l (/Users/zenan/Sales Form/node_modules/@prisma/client/runtime/library.js:130:9633)
    at async Promise.all (index 5)
    at async createDatabaseBackup (file:///Users/zenan/Sales%20Form/scripts/database-backup.ts:133:9) {
  code: 'P5000',
  clientVersion: '5.22.0',
  meta: { modelName: 'GeneratedDocument' }
}
❌ Backup failed: PrismaClientKnownRequestError: 
Invalid `prisma.generatedDocument.findMany()` invocation:


This request could not be understood by the server: {"type":"UnknownJsonError","body":{"code":"P6004","message":"The Query did not produce a result within the maximum allowed execution time of 10 seconds. This limit is configurable, see pris.ly/configure-limits for more information."}} (The request id was: 9ca788017b744866)
    at $n.handleRequestError (/Users/zenan/Sales Form/node_modules/@prisma/client/runtime/library.js:121:7315)
    at $n.handleAndLogRequestError (/Users/zenan/Sales Form/node_modules/@prisma/client/runtime/library.js:121:6623)
    at $n.request (/Users/zenan/Sales Form/node_modules/@prisma/client/runtime/library.js:121:6307)
    at processTicksAndRejections (node:internal/process/task_queues:103:5)
    at async l (/Users/zenan/Sales Form/node_modules/@prisma/client/runtime/library.js:130:9633)
    at async Promise.all (index 5)
    at async createDatabaseBackup (file:///Users/zenan/Sales%20Form/scripts/database-backup.ts:133:9) {
  code: 'P5000',
  clientVersion: '5.22.0',
  meta: { modelName: 'GeneratedDocument' }
}
(node:76177) [MODULE_TYPELESS_PACKAGE_JSON] Warning: Module type of file:///Users/zenan/Sales%20Form/scripts/database-backup.ts is not specified and it doesn't parse as CommonJS.
Reparsing as ES module because module syntax was detected. This incurs a performance overhead.
To eliminate this warning, add "type": "module" to /Users/zenan/Sales Form/package.json.
(Use `node --trace-warnings ...` to show where the warning was created)
prisma:warn In production, we recommend using `prisma generate --no-engine` (See: `prisma generate --help`)
🔄 STARTING AUTOMATED DATABASE BACKUP
====================================
📅 Backup Date: 2026-02-14T02:00:03.504Z
📊 Fetching all database tables...
❌ Backup failed: PrismaClientKnownRequestError: 
Invalid `prisma.leadAppliance.findMany()` invocation:


Cannot fetch data from service:
fetch failed
    at $n.handleRequestError (/Users/zenan/Sales Form/node_modules/@prisma/client/runtime/library.js:121:7315)
    at $n.handleAndLogRequestError (/Users/zenan/Sales Form/node_modules/@prisma/client/runtime/library.js:121:6623)
    at $n.request (/Users/zenan/Sales Form/node_modules/@prisma/client/runtime/library.js:121:6307)
    at processTicksAndRejections (node:internal/process/task_queues:103:5)
    at async l (/Users/zenan/Sales Form/node_modules/@prisma/client/runtime/library.js:130:9633)
    at async Promise.all (index 8)
    at async createDatabaseBackup (file:///Users/zenan/Sales%20Form/scripts/database-backup.ts:133:9) {
  code: 'P5010',
  clientVersion: '5.22.0',
  meta: { modelName: 'LeadAppliance' }
}
❌ Backup failed: PrismaClientKnownRequestError: 
Invalid `prisma.leadAppliance.findMany()` invocation:


Cannot fetch data from service:
fetch failed
    at $n.handleRequestError (/Users/zenan/Sales Form/node_modules/@prisma/client/runtime/library.js:121:7315)
    at $n.handleAndLogRequestError (/Users/zenan/Sales Form/node_modules/@prisma/client/runtime/library.js:121:6623)
    at $n.request (/Users/zenan/Sales Form/node_modules/@prisma/client/runtime/library.js:121:6307)
    at processTicksAndRejections (node:internal/process/task_queues:103:5)
    at async l (/Users/zenan/Sales Form/node_modules/@prisma/client/runtime/library.js:130:9633)
    at async Promise.all (index 8)
    at async createDatabaseBackup (file:///Users/zenan/Sales%20Form/scripts/database-backup.ts:133:9) {
  code: 'P5010',
  clientVersion: '5.22.0',
  meta: { modelName: 'LeadAppliance' }
}
(node:84461) [MODULE_TYPELESS_PACKAGE_JSON] Warning: Module type of file:///Users/zenan/Sales%20Form/scripts/database-backup.ts is not specified and it doesn't parse as CommonJS.
Reparsing as ES module because module syntax was detected. This incurs a performance overhead.
To eliminate this warning, add "type": "module" to /Users/zenan/Sales Form/package.json.
(Use `node --trace-warnings ...` to show where the warning was created)
prisma:warn In production, we recommend using `prisma generate --no-engine` (See: `prisma generate --help`)
🔄 STARTING AUTOMATED DATABASE BACKUP
====================================
📅 Backup Date: 2026-02-15T02:00:02.944Z
📊 Fetching all database tables...
❌ Backup failed: PrismaClientKnownRequestError: 
Invalid `prisma.sale.findMany()` invocation:


This request could not be understood by the server: {"type":"UnknownJsonError","body":{"code":"P6009","message":"The response size of the query exceeded the the maximum of 5MB with 5.47MB. Consider refining the query by narrowing the selection set or applying appropriate filters.  This limit is configurable, see pris.ly/configure-limits for more information."}} (The request id was: 9ce135ab0added03)
    at $n.handleRequestError (/Users/zenan/Sales Form/node_modules/@prisma/client/runtime/library.js:121:7315)
    at $n.handleAndLogRequestError (/Users/zenan/Sales Form/node_modules/@prisma/client/runtime/library.js:121:6623)
    at $n.request (/Users/zenan/Sales Form/node_modules/@prisma/client/runtime/library.js:121:6307)
    at processTicksAndRejections (node:internal/process/task_queues:103:5)
    at async l (/Users/zenan/Sales Form/node_modules/@prisma/client/runtime/library.js:130:9633)
    at async Promise.all (index 1)
    at async createDatabaseBackup (file:///Users/zenan/Sales%20Form/scripts/database-backup.ts:133:9) {
  code: 'P5000',
  clientVersion: '5.22.0',
  meta: { modelName: 'Sale' }
}
❌ Backup failed: PrismaClientKnownRequestError: 
Invalid `prisma.sale.findMany()` invocation:


This request could not be understood by the server: {"type":"UnknownJsonError","body":{"code":"P6009","message":"The response size of the query exceeded the the maximum of 5MB with 5.47MB. Consider refining the query by narrowing the selection set or applying appropriate filters.  This limit is configurable, see pris.ly/configure-limits for more information."}} (The request id was: 9ce135ab0added03)
    at $n.handleRequestError (/Users/zenan/Sales Form/node_modules/@prisma/client/runtime/library.js:121:7315)
    at $n.handleAndLogRequestError (/Users/zenan/Sales Form/node_modules/@prisma/client/runtime/library.js:121:6623)
    at $n.request (/Users/zenan/Sales Form/node_modules/@prisma/client/runtime/library.js:121:6307)
    at processTicksAndRejections (node:internal/process/task_queues:103:5)
    at async l (/Users/zenan/Sales Form/node_modules/@prisma/client/runtime/library.js:130:9633)
    at async Promise.all (index 1)
    at async createDatabaseBackup (file:///Users/zenan/Sales%20Form/scripts/database-backup.ts:133:9) {
  code: 'P5000',
  clientVersion: '5.22.0',
  meta: { modelName: 'Sale' }
}
(node:96560) [MODULE_TYPELESS_PACKAGE_JSON] Warning: Module type of file:///Users/zenan/Sales%20Form/scripts/database-backup.ts is not specified and it doesn't parse as CommonJS.
Reparsing as ES module because module syntax was detected. This incurs a performance overhead.
To eliminate this warning, add "type": "module" to /Users/zenan/Sales Form/package.json.
(Use `node --trace-warnings ...` to show where the warning was created)
prisma:warn In production, we recommend using `prisma generate --no-engine` (See: `prisma generate --help`)
🔄 STARTING AUTOMATED DATABASE BACKUP
====================================
📅 Backup Date: 2026-02-17T02:00:03.343Z
📊 Fetching all database tables...
❌ Backup failed: PrismaClientKnownRequestError: 
Invalid `prisma.sale.findMany()` invocation:


This request could not be understood by the server: {"type":"UnknownJsonError","body":{"code":"P6009","message":"The response size of the query exceeded the the maximum of 5MB with 5.5MB. Consider refining the query by narrowing the selection set or applying appropriate filters.  This limit is configurable, see pris.ly/configure-limits for more information."}} (The request id was: 9cf1b069bfbd0050)
    at $n.handleRequestError (/Users/zenan/Sales Form/node_modules/@prisma/client/runtime/library.js:121:7315)
    at $n.handleAndLogRequestError (/Users/zenan/Sales Form/node_modules/@prisma/client/runtime/library.js:121:6623)
    at $n.request (/Users/zenan/Sales Form/node_modules/@prisma/client/runtime/library.js:121:6307)
    at processTicksAndRejections (node:internal/process/task_queues:103:5)
    at async l (/Users/zenan/Sales Form/node_modules/@prisma/client/runtime/library.js:130:9633)
    at async Promise.all (index 1)
    at async createDatabaseBackup (file:///Users/zenan/Sales%20Form/scripts/database-backup.ts:133:9) {
  code: 'P5000',
  clientVersion: '5.22.0',
  meta: { modelName: 'Sale' }
}
❌ Backup failed: PrismaClientKnownRequestError: 
Invalid `prisma.sale.findMany()` invocation:


This request could not be understood by the server: {"type":"UnknownJsonError","body":{"code":"P6009","message":"The response size of the query exceeded the the maximum of 5MB with 5.5MB. Consider refining the query by narrowing the selection set or applying appropriate filters.  This limit is configurable, see pris.ly/configure-limits for more information."}} (The request id was: 9cf1b069bfbd0050)
    at $n.handleRequestError (/Users/zenan/Sales Form/node_modules/@prisma/client/runtime/library.js:121:7315)
    at $n.handleAndLogRequestError (/Users/zenan/Sales Form/node_modules/@prisma/client/runtime/library.js:121:6623)
    at $n.request (/Users/zenan/Sales Form/node_modules/@prisma/client/runtime/library.js:121:6307)
    at processTicksAndRejections (node:internal/process/task_queues:103:5)
    at async l (/Users/zenan/Sales Form/node_modules/@prisma/client/runtime/library.js:130:9633)
    at async Promise.all (index 1)
    at async createDatabaseBackup (file:///Users/zenan/Sales%20Form/scripts/database-backup.ts:133:9) {
  code: 'P5000',
  clientVersion: '5.22.0',
  meta: { modelName: 'Sale' }
}
(node:96548) [MODULE_TYPELESS_PACKAGE_JSON] Warning: Module type of file:///Users/zenan/Sales%20Form/scripts/database-backup.ts is not specified and it doesn't parse as CommonJS.
Reparsing as ES module because module syntax was detected. This incurs a performance overhead.
To eliminate this warning, add "type": "module" to /Users/zenan/Sales Form/package.json.
(Use `node --trace-warnings ...` to show where the warning was created)
prisma:warn In production, we recommend using `prisma generate --no-engine` (See: `prisma generate --help`)
🔄 STARTING AUTOMATED DATABASE BACKUP
====================================
📅 Backup Date: 2026-02-21T02:00:03.071Z
📊 Fetching all database tables...
❌ Backup failed: PrismaClientKnownRequestError: 
Invalid `prisma.sale.findMany()` invocation:


This request could not be understood by the server: {"type":"UnknownJsonError","body":{"code":"P6009","message":"The response size of the query exceeded the the maximum of 5MB with 5.71MB. Consider refining the query by narrowing the selection set or applying appropriate filters.  This limit is configurable, see pris.ly/configure-limits for more information."}} (The request id was: 9d12a5e678d52103)
    at $n.handleRequestError (/Users/zenan/Sales Form/node_modules/@prisma/client/runtime/library.js:121:7315)
    at $n.handleAndLogRequestError (/Users/zenan/Sales Form/node_modules/@prisma/client/runtime/library.js:121:6623)
    at $n.request (/Users/zenan/Sales Form/node_modules/@prisma/client/runtime/library.js:121:6307)
    at processTicksAndRejections (node:internal/process/task_queues:103:5)
    at async l (/Users/zenan/Sales Form/node_modules/@prisma/client/runtime/library.js:130:9633)
    at async Promise.all (index 1)
    at async createDatabaseBackup (file:///Users/zenan/Sales%20Form/scripts/database-backup.ts:133:9) {
  code: 'P5000',
  clientVersion: '5.22.0',
  meta: { modelName: 'Sale' }
}
❌ Backup failed: PrismaClientKnownRequestError: 
Invalid `prisma.sale.findMany()` invocation:


This request could not be understood by the server: {"type":"UnknownJsonError","body":{"code":"P6009","message":"The response size of the query exceeded the the maximum of 5MB with 5.71MB. Consider refining the query by narrowing the selection set or applying appropriate filters.  This limit is configurable, see pris.ly/configure-limits for more information."}} (The request id was: 9d12a5e678d52103)
    at $n.handleRequestError (/Users/zenan/Sales Form/node_modules/@prisma/client/runtime/library.js:121:7315)
    at $n.handleAndLogRequestError (/Users/zenan/Sales Form/node_modules/@prisma/client/runtime/library.js:121:6623)
    at $n.request (/Users/zenan/Sales Form/node_modules/@prisma/client/runtime/library.js:121:6307)
    at processTicksAndRejections (node:internal/process/task_queues:103:5)
    at async l (/Users/zenan/Sales Form/node_modules/@prisma/client/runtime/library.js:130:9633)
    at async Promise.all (index 1)
    at async createDatabaseBackup (file:///Users/zenan/Sales%20Form/scripts/database-backup.ts:133:9) {
  code: 'P5000',
  clientVersion: '5.22.0',
  meta: { modelName: 'Sale' }
}
(node:27911) [MODULE_TYPELESS_PACKAGE_JSON] Warning: Module type of file:///Users/zenan/Sales%20Form/scripts/database-backup.ts is not specified and it doesn't parse as CommonJS.
Reparsing as ES module because module syntax was detected. This incurs a performance overhead.
To eliminate this warning, add "type": "module" to /Users/zenan/Sales Form/package.json.
(Use `node --trace-warnings ...` to show where the warning was created)
prisma:warn In production, we recommend using `prisma generate --no-engine` (See: `prisma generate --help`)
🔄 STARTING AUTOMATED DATABASE BACKUP
====================================
📅 Backup Date: 2026-02-22T02:00:03.309Z
📊 Fetching all database tables...
❌ Backup failed: PrismaClientKnownRequestError: 
Invalid `prisma.sale.findMany()` invocation:


This request could not be understood by the server: {"type":"UnknownJsonError","body":{"code":"P6009","message":"The response size of the query exceeded the the maximum of 5MB with 5.71MB. Consider refining the query by narrowing the selection set or applying appropriate filters.  This limit is configurable, see pris.ly/configure-limits for more information."}} (The request id was: 9d1ae38adc00ef25)
    at $n.handleRequestError (/Users/zenan/Sales Form/node_modules/@prisma/client/runtime/library.js:121:7315)
    at $n.handleAndLogRequestError (/Users/zenan/Sales Form/node_modules/@prisma/client/runtime/library.js:121:6623)
    at $n.request (/Users/zenan/Sales Form/node_modules/@prisma/client/runtime/library.js:121:6307)
    at processTicksAndRejections (node:internal/process/task_queues:103:5)
    at async l (/Users/zenan/Sales Form/node_modules/@prisma/client/runtime/library.js:130:9633)
    at async Promise.all (index 1)
    at async createDatabaseBackup (file:///Users/zenan/Sales%20Form/scripts/database-backup.ts:133:9) {
  code: 'P5000',
  clientVersion: '5.22.0',
  meta: { modelName: 'Sale' }
}
❌ Backup failed: PrismaClientKnownRequestError: 
Invalid `prisma.sale.findMany()` invocation:


This request could not be understood by the server: {"type":"UnknownJsonError","body":{"code":"P6009","message":"The response size of the query exceeded the the maximum of 5MB with 5.71MB. Consider refining the query by narrowing the selection set or applying appropriate filters.  This limit is configurable, see pris.ly/configure-limits for more information."}} (The request id was: 9d1ae38adc00ef25)
    at $n.handleRequestError (/Users/zenan/Sales Form/node_modules/@prisma/client/runtime/library.js:121:7315)
    at $n.handleAndLogRequestError (/Users/zenan/Sales Form/node_modules/@prisma/client/runtime/library.js:121:6623)
    at $n.request (/Users/zenan/Sales Form/node_modules/@prisma/client/runtime/library.js:121:6307)
    at processTicksAndRejections (node:internal/process/task_queues:103:5)
    at async l (/Users/zenan/Sales Form/node_modules/@prisma/client/runtime/library.js:130:9633)
    at async Promise.all (index 1)
    at async createDatabaseBackup (file:///Users/zenan/Sales%20Form/scripts/database-backup.ts:133:9) {
  code: 'P5000',
  clientVersion: '5.22.0',
  meta: { modelName: 'Sale' }
}
(node:3443) [MODULE_TYPELESS_PACKAGE_JSON] Warning: Module type of file:///Users/zenan/Sales%20Form/scripts/database-backup.ts is not specified and it doesn't parse as CommonJS.
Reparsing as ES module because module syntax was detected. This incurs a performance overhead.
To eliminate this warning, add "type": "module" to /Users/zenan/Sales Form/package.json.
(Use `node --trace-warnings ...` to show where the warning was created)
prisma:warn In production, we recommend using `prisma generate --no-engine` (See: `prisma generate --help`)
🔄 STARTING AUTOMATED DATABASE BACKUP
====================================
📅 Backup Date: 2026-03-01T02:00:02.975Z
📊 Fetching all database tables...
❌ Backup failed: PrismaClientKnownRequestError: 
Invalid `prisma.sale.findMany()` invocation:


This request could not be understood by the server: {"type":"UnknownJsonError","body":{"code":"P6009","message":"The response size of the query exceeded the the maximum of 5MB with 5.84MB. Consider refining the query by narrowing the selection set or applying appropriate filters.  This limit is configurable, see pris.ly/configure-limits for more information."}} (The request id was: 9d5490eacca4bd93)
    at $n.handleRequestError (/Users/zenan/Sales Form/node_modules/@prisma/client/runtime/library.js:121:7315)
    at $n.handleAndLogRequestError (/Users/zenan/Sales Form/node_modules/@prisma/client/runtime/library.js:121:6623)
    at $n.request (/Users/zenan/Sales Form/node_modules/@prisma/client/runtime/library.js:121:6307)
    at processTicksAndRejections (node:internal/process/task_queues:103:5)
    at async l (/Users/zenan/Sales Form/node_modules/@prisma/client/runtime/library.js:130:9633)
    at async Promise.all (index 1)
    at async createDatabaseBackup (file:///Users/zenan/Sales%20Form/scripts/database-backup.ts:133:9) {
  code: 'P5000',
  clientVersion: '5.22.0',
  meta: { modelName: 'Sale' }
}
❌ Backup failed: PrismaClientKnownRequestError: 
Invalid `prisma.sale.findMany()` invocation:


This request could not be understood by the server: {"type":"UnknownJsonError","body":{"code":"P6009","message":"The response size of the query exceeded the the maximum of 5MB with 5.84MB. Consider refining the query by narrowing the selection set or applying appropriate filters.  This limit is configurable, see pris.ly/configure-limits for more information."}} (The request id was: 9d5490eacca4bd93)
    at $n.handleRequestError (/Users/zenan/Sales Form/node_modules/@prisma/client/runtime/library.js:121:7315)
    at $n.handleAndLogRequestError (/Users/zenan/Sales Form/node_modules/@prisma/client/runtime/library.js:121:6623)
    at $n.request (/Users/zenan/Sales Form/node_modules/@prisma/client/runtime/library.js:121:6307)
    at processTicksAndRejections (node:internal/process/task_queues:103:5)
    at async l (/Users/zenan/Sales Form/node_modules/@prisma/client/runtime/library.js:130:9633)
    at async Promise.all (index 1)
    at async createDatabaseBackup (file:///Users/zenan/Sales%20Form/scripts/database-backup.ts:133:9) {
  code: 'P5000',
  clientVersion: '5.22.0',
  meta: { modelName: 'Sale' }
}
(node:59847) [MODULE_TYPELESS_PACKAGE_JSON] Warning: Module type of file:///Users/zenan/Sales%20Form/scripts/database-backup.ts is not specified and it doesn't parse as CommonJS.
Reparsing as ES module because module syntax was detected. This incurs a performance overhead.
To eliminate this warning, add "type": "module" to /Users/zenan/Sales Form/package.json.
(Use `node --trace-warnings ...` to show where the warning was created)
prisma:warn In production, we recommend using `prisma generate --no-engine` (See: `prisma generate --help`)
🔄 STARTING AUTOMATED DATABASE BACKUP
====================================
📅 Backup Date: 2026-03-02T02:00:03.156Z
📊 Fetching all database tables...
❌ Backup failed: PrismaClientKnownRequestError: 
Invalid `prisma.sale.findMany()` invocation:


This request could not be understood by the server: {"type":"UnknownJsonError","body":{"code":"P6009","message":"The response size of the query exceeded the the maximum of 5MB with 5.84MB. Consider refining the query by narrowing the selection set or applying appropriate filters.  This limit is configurable, see pris.ly/configure-limits for more information."}} (The request id was: 9d5cce4589725630)
    at $n.handleRequestError (/Users/zenan/Sales Form/node_modules/@prisma/client/runtime/library.js:121:7315)
    at $n.handleAndLogRequestError (/Users/zenan/Sales Form/node_modules/@prisma/client/runtime/library.js:121:6623)
    at $n.request (/Users/zenan/Sales Form/node_modules/@prisma/client/runtime/library.js:121:6307)
    at processTicksAndRejections (node:internal/process/task_queues:103:5)
    at async l (/Users/zenan/Sales Form/node_modules/@prisma/client/runtime/library.js:130:9633)
    at async Promise.all (index 1)
    at async createDatabaseBackup (file:///Users/zenan/Sales%20Form/scripts/database-backup.ts:133:9) {
  code: 'P5000',
  clientVersion: '5.22.0',
  meta: { modelName: 'Sale' }
}
❌ Backup failed: PrismaClientKnownRequestError: 
Invalid `prisma.sale.findMany()` invocation:


This request could not be understood by the server: {"type":"UnknownJsonError","body":{"code":"P6009","message":"The response size of the query exceeded the the maximum of 5MB with 5.84MB. Consider refining the query by narrowing the selection set or applying appropriate filters.  This limit is configurable, see pris.ly/configure-limits for more information."}} (The request id was: 9d5cce4589725630)
    at $n.handleRequestError (/Users/zenan/Sales Form/node_modules/@prisma/client/runtime/library.js:121:7315)
    at $n.handleAndLogRequestError (/Users/zenan/Sales Form/node_modules/@prisma/client/runtime/library.js:121:6623)
    at $n.request (/Users/zenan/Sales Form/node_modules/@prisma/client/runtime/library.js:121:6307)
    at processTicksAndRejections (node:internal/process/task_queues:103:5)
    at async l (/Users/zenan/Sales Form/node_modules/@prisma/client/runtime/library.js:130:9633)
    at async Promise.all (index 1)
    at async createDatabaseBackup (file:///Users/zenan/Sales%20Form/scripts/database-backup.ts:133:9) {
  code: 'P5000',
  clientVersion: '5.22.0',
  meta: { modelName: 'Sale' }
}
(node:8934) [MODULE_TYPELESS_PACKAGE_JSON] Warning: Module type of file:///Users/zenan/Sales%20Form/scripts/database-backup.ts is not specified and it doesn't parse as CommonJS.
Reparsing as ES module because module syntax was detected. This incurs a performance overhead.
To eliminate this warning, add "type": "module" to /Users/zenan/Sales Form/package.json.
(Use `node --trace-warnings ...` to show where the warning was created)
prisma:warn In production, we recommend using `prisma generate --no-engine` (See: `prisma generate --help`)
🔄 STARTING AUTOMATED DATABASE BACKUP
====================================
📅 Backup Date: 2026-03-03T02:00:03.603Z
📊 Fetching all database tables...
❌ Backup failed: PrismaClientKnownRequestError: 
Invalid `prisma.sale.findMany()` invocation:


This request could not be understood by the server: {"type":"UnknownJsonError","body":{"code":"P6009","message":"The response size of the query exceeded the the maximum of 5MB with 6.05MB. Consider refining the query by narrowing the selection set or applying appropriate filters.  This limit is configurable, see pris.ly/configure-limits for more information."}} (The request id was: 9d650ba9cd677e7d)
    at $n.handleRequestError (/Users/zenan/Sales Form/node_modules/@prisma/client/runtime/library.js:121:7315)
    at $n.handleAndLogRequestError (/Users/zenan/Sales Form/node_modules/@prisma/client/runtime/library.js:121:6623)
    at $n.request (/Users/zenan/Sales Form/node_modules/@prisma/client/runtime/library.js:121:6307)
    at processTicksAndRejections (node:internal/process/task_queues:103:5)
    at async l (/Users/zenan/Sales Form/node_modules/@prisma/client/runtime/library.js:130:9633)
    at async Promise.all (index 1)
    at async createDatabaseBackup (file:///Users/zenan/Sales%20Form/scripts/database-backup.ts:133:9) {
  code: 'P5000',
  clientVersion: '5.22.0',
  meta: { modelName: 'Sale' }
}
❌ Backup failed: PrismaClientKnownRequestError: 
Invalid `prisma.sale.findMany()` invocation:


This request could not be understood by the server: {"type":"UnknownJsonError","body":{"code":"P6009","message":"The response size of the query exceeded the the maximum of 5MB with 6.05MB. Consider refining the query by narrowing the selection set or applying appropriate filters.  This limit is configurable, see pris.ly/configure-limits for more information."}} (The request id was: 9d650ba9cd677e7d)
    at $n.handleRequestError (/Users/zenan/Sales Form/node_modules/@prisma/client/runtime/library.js:121:7315)
    at $n.handleAndLogRequestError (/Users/zenan/Sales Form/node_modules/@prisma/client/runtime/library.js:121:6623)
    at $n.request (/Users/zenan/Sales Form/node_modules/@prisma/client/runtime/library.js:121:6307)
    at processTicksAndRejections (node:internal/process/task_queues:103:5)
    at async l (/Users/zenan/Sales Form/node_modules/@prisma/client/runtime/library.js:130:9633)
    at async Promise.all (index 1)
    at async createDatabaseBackup (file:///Users/zenan/Sales%20Form/scripts/database-backup.ts:133:9) {
  code: 'P5000',
  clientVersion: '5.22.0',
  meta: { modelName: 'Sale' }
}
