python : Traceback (most recent call last):
At line:1 char:1
+ python -u agi_testing_framework.py > test_output.txt 2>&1
+ ~~~~~~~~~~~~~~~~~~~~~~~~~~~~~~~~~~~~~~~~~~~~~~~~~~~~~~~~~
    + CategoryInfo          : NotSpecified: (Traceback (most recent call  
   last)::String) [], RemoteException
    + FullyQualifiedErrorId : NativeCommandError
 
  File "C:\Users\ADMIN\SI\agi_testing_framework.py", line 729, in <module>
    success = run_comprehensive_agi_tests()
              ^^^^^^^^^^^^^^^^^^^^^^^^^^^^^
  File "C:\Users\ADMIN\SI\agi_testing_framework.py", line 650, in 
run_comprehensive_agi_tests
    print("\U0001f680 ASIS AGI Comprehensive Testing Framework")
  File "C:\Users\ADMIN\AppData\Local\Programs\Python\Python312\Lib\encodin
gs\cp1252.py", line 19, in encode
    return codecs.charmap_encode(input,self.errors,encoding_table)[0]
           ^^^^^^^^^^^^^^^^^^^^^^^^^^^^^^^^^^^^^^^^^^^^^^^^^^^^^^^
UnicodeEncodeError: 'charmap' codec can't encode character '\U0001f680' 
in position 0: character maps to <undefined>
